---
source: src/policy/json.rs
expression: "hcl::to_string(&hcl_policy)?"
---
resource "aws_iam_policy_document" "example_1" {
  statement {
    effect = "Allow"
    actions = [
      "iam:DeactivateMFADevice"
    ]
    sid = "AllowRemoveMfaOnlyIfRecentMfa"
    resources = [
      "arn:aws:iam::*:user/$${aws:username}"
    ]

    condition {
      test = "NumericLessThanEquals"
      variable = "aws:MultiFactorAuthAge"
      values = [
        "3600"
      ]
    }
  }
}

